custom format: START PLAYBOOK | helloworld.yml
custom format: START PLAY | This is a hello-world example
custom format: TASK OK | Gathering Facts | RESULT |  {"ansible_facts": {"ansible_all_ipv4_addresses": ["160.39.234.20"], "ansible_all_ipv6_addresses": ["fe80::43:ec29:50c1:6473%en0", "fe80::c4b9:37ff:fe70:796e%awdl0", "fe80::76b2:cd32:fdf9:be38%utun0"], "ansible_apparmor": {"status": "disabled"}, "ansible_architecture": "x86_64", "ansible_awdl0": {"device": "awdl0", "flags": ["UP", "BROADCAST", "RUNNING", "PROMISC", "SIMPLEX", "MULTICAST"], "ipv4": [], "ipv6": [{"address": "fe80::c4b9:37ff:fe70:796e%awdl0", "prefix": "64", "scope": "0x9"}], "macaddress": "c6:b9:37:70:79:6e", "media": "Unknown", "media_select": "autoselect", "mtu": "1484", "options": ["PERFORMNUD", "DAD"], "status": "active", "type": "ether"}, "ansible_bridge0": {"device": "bridge0", "flags": ["UP", "BROADCAST", "SMART", "RUNNING", "SIMPLEX", "MULTICAST"], "ipv4": [], "ipv6": [], "macaddress": "6a:00:02:8f:ca:50", "media": "Unknown", "media_select": "Unknown", "media_type": "unknown type", "mtu": "1500", "options": ["PERFORMNUD", "DAD"], "status": "inactive", "type": "ether"}, "ansible_date_time": {"date": "2019-04-07", "day": "07", "epoch": "1554680012", "hour": "19", "iso8601": "2019-04-07T23:33:32Z", "iso8601_basic": "20190407T193332305971", "iso8601_basic_short": "20190407T193332", "iso8601_micro": "2019-04-07T23:33:32.306140Z", "minute": "33", "month": "04", "second": "32", "time": "19:33:32", "tz": "EDT", "tz_offset": "-0400", "weekday": "Sunday", "weekday_number": "0", "weeknumber": "13", "year": "2019"}, "ansible_default_ipv4": {"address": "160.39.234.20", "broadcast": "160.39.235.255", "device": "en0", "flags": ["UP", "BROADCAST", "SMART", "RUNNING", "SIMPLEX", "MULTICAST"], "gateway": "160.39.234.1", "interface": "en0", "macaddress": "c4:b3:01:be:8f:a7", "media": "Unknown", "media_select": "autoselect", "mtu": "1500", "netmask": "255.255.254.0", "network": "160.39.234.0", "options": ["PERFORMNUD", "DAD"], "status": "active", "type": "ether"}, "ansible_default_ipv6": {}, "ansible_distribution": "MacOSX", "ansible_distribution_major_version": "10", "ansible_distribution_release": "16.1.0", "ansible_distribution_version": "10.12.1", "ansible_dns": {"domain": "columbia.edu", "nameservers": ["128.59.1.4", "128.59.1.3"]}, "ansible_domain": "", "ansible_effective_group_id": 20, "ansible_effective_user_id": 501, "ansible_en0": {"device": "en0", "flags": ["UP", "BROADCAST", "SMART", "RUNNING", "SIMPLEX", "MULTICAST"], "ipv4": [{"address": "160.39.234.20", "broadcast": "160.39.235.255", "netmask": "255.255.254.0", "network": "160.39.234.0"}], "ipv6": [{"address": "fe80::43:ec29:50c1:6473%en0", "prefix": "64"}], "macaddress": "c4:b3:01:be:8f:a7", "media": "Unknown", "media_select": "autoselect", "mtu": "1500", "options": ["PERFORMNUD", "DAD"], "status": "active", "type": "ether"}, "ansible_en1": {"device": "en1", "flags": ["UP", "BROADCAST", "SMART", "RUNNING", "PROMISC", "SIMPLEX"], "ipv4": [], "ipv6": [], "macaddress": "6a:00:02:8f:ca:50", "media": "Unknown", "media_select": "autoselect", "media_type": "full-duplex", "mtu": "1500", "options": ["TSO4", "TSO6"], "status": "inactive", "type": "ether"}, "ansible_en2": {"device": "en2", "flags": ["UP", "BROADCAST", "SMART", "RUNNING", "PROMISC", "SIMPLEX"], "ipv4": [], "ipv6": [], "macaddress": "6a:00:02:8f:ca:51", "media": "Unknown", "media_select": "autoselect", "media_type": "full-duplex", "mtu": "1500", "options": ["TSO4", "TSO6"], "status": "inactive", "type": "ether"}, "ansible_env": {"Apple_PubSub_Socket_Render": "/private/tmp/com.apple.launchd.pxuqtkkFFP/Render", "CLICOLOR": "1", "CONDA_DEFAULT_ENV": "py3", "CONDA_EXE": "/Users/kz2249/miniconda3/bin/conda", "CONDA_PREFIX": "/Users/kz2249/miniconda3/envs/py3", "CONDA_PROMPT_MODIFIER": "(py3) ", "CONDA_PYTHON_EXE": "/Users/kz2249/miniconda3/bin/python", "CONDA_SHLVL": "1", "DISPLAY": "/private/tmp/com.apple.launchd.f024laCLEm/org.macosforge.xquartz:0", "HOME": "/Users/kz2249", "LANG": "en_US.UTF-8", "LOGNAME": "kz2249", "LSCOLORS": "gxBxhxDxfxhxhxhxhxcxcx", "PATH": "/Users/kz2249/miniconda3/envs/py3/bin:/Library/Frameworks/Python.framework/Versions/3.8/bin:/opt/local/bin:/opt/local/sbin:/usr/local/bin:/usr/bin:/bin:/usr/sbin:/sbin:/opt/X11/bin:/usr/local/go/bin", "PWD": "/Users/kz2249/ansible_logstash_es_kibana", "SHELL": "/bin/bash", "SHLVL": "3", "SSH_AUTH_SOCK": "/private/tmp/com.apple.launchd.kkzq1ZgTEY/Listeners", "TERM": "xterm-256color", "TERM_PROGRAM": "Apple_Terminal", "TERM_PROGRAM_VERSION": "387", "TERM_SESSION_ID": "0694A982-4702-4754-B051-11B9762647B4", "TMPDIR": "/var/folders/b9/sd0d6xvd5tq7k8zt120mrhsr0000gn/T/", "USER": "kz2249", "XPC_FLAGS": "0x0", "XPC_SERVICE_NAME": "0", "_": "/Users/kz2249/miniconda3/envs/py3/bin/python", "__CF_USER_TEXT_ENCODING": "0x1F5:0x0:0x0"}, "ansible_fips": false, "ansible_fqdn": "Ke", "ansible_gif0": {"device": "gif0", "flags": ["POINTOPOINT", "MULTICAST"], "ipv4": [], "ipv6": [], "macaddress": "unknown", "mtu": "1280", "type": "unknown"}, "ansible_hostname": "Ke", "ansible_interfaces": ["awdl0", "bridge0", "en0", "en1", "en2", "gif0", "lo0", "p2p0", "stf0", "utun0"], "ansible_is_chroot": false, "ansible_iscsi_iqn": "", "ansible_kernel": "16.1.0", "ansible_lo0": {"device": "lo0", "flags": ["UP", "LOOPBACK", "RUNNING", "MULTICAST"], "ipv4": [{"address": "127.0.0.1", "broadcast": "127.255.255.255", "netmask": "255.0.0.0", "network": "127.0.0.0"}], "ipv6": [{"address": "::1", "prefix": "128"}, {"address": "fe80::1%lo0", "prefix": "64", "scope": "0x1"}], "macaddress": "unknown", "mtu": "16384", "options": ["PERFORMNUD", "DAD"], "type": "loopback"}, "ansible_local": {}, "ansible_lsb": {}, "ansible_machine": "x86_64", "ansible_memfree_mb": -1007, "ansible_memtotal_mb": 16384, "ansible_model": "MacBookPro11,4", "ansible_nodename": "Ke", "ansible_os_family": "Darwin", "ansible_osrevision": "199506", "ansible_osversion": "16B2555", "ansible_p2p0": {"device": "p2p0", "flags": ["UP", "BROADCAST", "RUNNING", "SIMPLEX", "MULTICAST"], "ipv4": [], "ipv6": [], "macaddress": "06:b3:01:be:8f:a7", "media": "Unknown", "media_select": "autoselect", "mtu": "2304", "status": "inactive", "type": "ether"}, "ansible_pkg_mgr": "homebrew", "ansible_processor": "Intel(R) Core(TM) i7-4770HQ CPU @ 2.20GHz", "ansible_processor_cores": "4", "ansible_processor_vcpus": "8", "ansible_python": {"executable": "/Users/kz2249/miniconda3/envs/py3/bin/python", "has_sslcontext": true, "type": "cpython", "version": {"major": 3, "micro": 6, "minor": 6, "releaselevel": "final", "serial": 0}, "version_info": [3, 6, 6, "final", 0]}, "ansible_python_version": "3.6.6", "ansible_real_group_id": 20, "ansible_real_user_id": 501, "ansible_selinux": {"status": "Missing selinux Python library"}, "ansible_selinux_python_present": false, "ansible_service_mgr": "launchd", "ansible_ssh_host_key_dsa_public": "AAAAB3NzaC1kc3MAAACBAJWDaT7tJxTxqnmk4R5TAZo1NmNRQoFYKpWK/ELJeUgi3ZdyuK+8aH8R8Uv3T67hhRyf8tO1nfA3rhKBDZtCbDrM0xmnIZWc71uIbMgfRAeayuTkWus3U6IBSpHj36iocVHUUSprrXAvTbwFEWkjgsqwsuiY5/Y3JUb2xBsEdyuBAAAAFQDbbLyW+ZEQTGFxuFFeZeUFARJGTQAAAIAfMalz1sOpf50SRKLDOaB54rzE941OjD17+E4u+QJwc/rW3cUWs709mt7dA0IW0L5JV4FKhpvLdfN7fSuRCH70dJiJEJOWVmlgZly59PWzC2r2IRXIYx/qG9+xYUD1X9cFYkgN3kG1eeWc/mDffjhVqGCObkLSwRCTShwlwNe+fAAAAIEAk1LjCNI071gfLZ3LYZ8rAA2iDEVzu/RRAYjUrqMEwHqx/+9yHwHgESfwKYG76bwcZkbKuXC+Kg/Q95PG1vJLKir8+JIgjNNNgzwV+9hb/6417uA94gVvYzLkrvedsAOQbvw3w5Wwg/udtJH/tLIQdXccT9rXh5GTD9PxOt3v+V0=", "ansible_ssh_host_key_ecdsa_public": "AAAAE2VjZHNhLXNoYTItbmlzdHAyNTYAAAAIbmlzdHAyNTYAAABBBEzi2XBNxhl0ITZ7RkNsAqJwei4vIh6+MnnNGpg1mnuxIDVlq8uM7bCtxuTBeFVinfLIof+8PVOlxPSnMA8KsUE=", "ansible_ssh_host_key_ed25519_public": "AAAAC3NzaC1lZDI1NTE5AAAAIBhkGoIsGCGgqdVj1butAiz+ejc22Ik5zK6kDxszPUcB", "ansible_ssh_host_key_rsa_public": "AAAAB3NzaC1yc2EAAAADAQABAAABAQC4AmS6fC8LKZWZ7keOiUozF1ce6vTYy1VJvJmobgHTk4AgMn1cAHgw05J1ePsSqzSsnGVMfS83Az96BpNstr89kTc6fjylDGi4y3VnxxyKkVlfMn16UonL8gHguU0f/60tQ549M1P57e5mRDDeuQh0aSyWiAejtUTIh1c0BspcbS0ZKyFUhOY/hJMdAueezuE91Oeou74DPnDMbgt7LVTkFtsmFQDJGjgkztaG75AqqNTbCFgoPBP+YXq51lr986FYMDkGsJGy9nQBissZFBtEoLJK1f5UlbMxpjLYGZqmVk26MLn68uy2Cv1EPdwGrdAI2Kg4qIJOT+nFiyPgyo7D", "ansible_stf0": {"device": "stf0", "flags": [], "ipv4": [], "ipv6": [], "macaddress": "unknown", "mtu": "1280", "type": "unknown"}, "ansible_system": "Darwin", "ansible_user_dir": "/Users/kz2249", "ansible_user_gecos": "Ke Zhang", "ansible_user_gid": 20, "ansible_user_id": "kz2249", "ansible_user_shell": "/bin/bash", "ansible_user_uid": 501, "ansible_userspace_architecture": "x86_64", "ansible_userspace_bits": "64", "ansible_utun0": {"device": "utun0", "flags": ["UP", "POINTOPOINT", "RUNNING", "MULTICAST"], "ipv4": [], "ipv6": [{"address": "fe80::76b2:cd32:fdf9:be38%utun0", "prefix": "64", "scope": "0xa"}], "macaddress": "unknown", "mtu": "2000", "options": ["PERFORMNUD", "DAD"], "type": "unknown"}, "ansible_virtualization_role": "", "ansible_virtualization_type": "", "gather_subset": ["all"], "module_setup": true}, "changed": false}
custom format: TASK OK | Create a file called '~/blueskydev/testfile.txt' with the content 'hello world'. | RESULT |  {"changed": false, "checksum": "22596363b3de40b06f981fb85d82312e8c0ed511", "dest": "/Users/kz2249/blueskydev/testfile.txt", "gid": 20, "group": "staff", "mode": "0644", "owner": "kz2249", "path": "/Users/kz2249/blueskydev/testfile.txt", "size": 12, "state": "file", "uid": 501}
custom format: FINISH PLAYBOOK | {"localhost": {"ok": 2, "failures": 0, "unreachable": 0, "changed": 0, "skipped": 0}}
